---
source: crates/selene-vector/tests/vector_snapshot_corpus.rs
expression: snapshot.to_string()
---
==== CONFIG ====
slug="mixed-layer-30-search-cosine"
description="Multi-layer graph exercises greedy descent."
dim=4 m=16 ef_construction=200 ef_search=50 metric=Cosine quantization_enabled=false quantization_rescore=false
==== GRAPH ====
nodes=30 dim=4 entry_point=idx16 max_layer=2
node_head=[n1:L0:[29], n2:L0:[29], n3:L0:[29], n4:L0:[29], n5:L1:[29/6], n6:L0:[29], n7:L0:[29], n8:L0:[29]]
==== SECTIONS ====
GRPH(len=5041, blake3_8=f9c07b44ad0e46c5, dim=4, nodes=30, entry_point=idx16, max_layer=2, head=[n1:L0:[29], n2:L0:[29], n3:L0:[29], n4:L0:[29]])
VECS(len=506, blake3_8=dbeba38b20e68a5f, dim=4, nodes=30, components=120, head=[+0.516, -0.103, +0.007, -0.605, -0.192, -0.527])
QUNT(empty)
==== RESULT ====
search.rows
  [0] n21	-0.287175
  [1] n9	-0.342381
  [2] n20	-0.358029
  [3] n22	-0.387374
  [4] n3	-0.479442
