---
source: crates/selene-gql/tests/plan_snapshot_corpus.rs
expression: snapshot.to_string()
---
fired_rules: and_splitting, filter_pushdown, node_filter_extraction, composite_index_lookup
output: [n]
pattern:
  bindings: 1 [n]
  join_tree: Scan(n)
  pattern_filters: 0
  scans:
    - n (Node): CompositeLookup residual=1 consumed=0
  order_access: []
pipeline:
  - Project(columns=[n])
